0 info it worked if it ends with ok
1 verbose cli [
1 verbose cli   '/Users/anzhen/.nvm/versions/node/v21.6.1/bin/node',
1 verbose cli   '/Users/anzhen/node_modules/.bin/npm',
1 verbose cli   'run',
1 verbose cli   'dev',
1 verbose cli   '--workspace=packages/server'
1 verbose cli ]
2 info using npm@2.15.12
3 info using node@v21.6.1
4 verbose run-script [ 'predev', 'dev', 'postdev' ]
5 info predev anzhen-ai-notes@
6 info dev anzhen-ai-notes@
7 verbose unsafe-perm in lifecycle true
8 info anzhen-ai-notes@ Failed to exec dev script
9 verbose stack Error: anzhen-ai-notes@ dev: `concurrently "npm run dev:server" "npm run dev:web"`
9 verbose stack Exit status 1
9 verbose stack     at EventEmitter.<anonymous> (/Users/anzhen/node_modules/npm/lib/utils/lifecycle.js:217:16)
9 verbose stack     at EventEmitter.emit (node:events:519:28)
9 verbose stack     at ChildProcess.<anonymous> (/Users/anzhen/node_modules/npm/lib/utils/spawn.js:24:14)
9 verbose stack     at ChildProcess.emit (node:events:519:28)
9 verbose stack     at maybeClose (node:internal/child_process:1105:16)
9 verbose stack     at ChildProcess._handle.onexit (node:internal/child_process:305:5)
10 verbose pkgid anzhen-ai-notes@
11 verbose cwd /Users/anzhen/go/src/ai-test
12 error Darwin 25.3.0
13 error argv "/Users/anzhen/.nvm/versions/node/v21.6.1/bin/node" "/Users/anzhen/node_modules/.bin/npm" "run" "dev" "--workspace=packages/server"
14 error node v21.6.1
15 error npm  v2.15.12
16 error code ELIFECYCLE
17 error anzhen-ai-notes@ dev: `concurrently "npm run dev:server" "npm run dev:web"`
17 error Exit status 1
18 error Failed at the anzhen-ai-notes@ dev script 'concurrently "npm run dev:server" "npm run dev:web"'.
18 error This is most likely a problem with the anzhen-ai-notes package,
18 error not with npm itself.
18 error Tell the author that this fails on your system:
18 error     concurrently "npm run dev:server" "npm run dev:web"
18 error You can get information on how to open an issue for this project with:
18 error     npm bugs anzhen-ai-notes
18 error Or if that isn't available, you can get their info via:
18 error
18 error     npm owner ls anzhen-ai-notes
18 error There is likely additional logging output above.
19 verbose exit [ 1, true ]
